../Core/Src/main.c:237:6:HAL_SPI_TxCpltCallback	16	static
../Core/Src/main.c:251:5:main	32	static,ignoring_inline_asm
../Core/Src/main.c:397:6:SystemClock_Config	120	static
../Core/Src/main.c:457:6:PeriphCommonClock_Config	200	static
../Core/Src/main.c:485:13:MX_ADC2_Init	40	static
../Core/Src/main.c:557:13:MX_ADC3_Init	40	static
../Core/Src/main.c:630:13:MX_DMA2D_Init	8	static
../Core/Src/main.c:670:13:MX_HRTIM_Init	112	static
../Core/Src/main.c:726:13:MX_I2C1_Init	8	static
../Core/Src/main.c:772:13:MX_I2C2_Init	8	static
../Core/Src/main.c:818:13:MX_I2C4_Init	8	static
../Core/Src/main.c:864:13:MX_LPTIM2_Init	8	static
../Core/Src/main.c:900:13:MX_SPI1_Init	8	static
../Core/Src/main.c:948:13:MX_SPI3_Init	8	static
../Core/Src/main.c:996:13:MX_SPI4_Init	8	static
../Core/Src/main.c:1044:13:MX_SPI5_Init	8	static
../Core/Src/main.c:1092:13:MX_TIM2_Init	56	static
../Core/Src/main.c:1141:13:MX_TIM3_Init	56	static
../Core/Src/main.c:1190:13:MX_TIM4_Init	56	static
../Core/Src/main.c:1239:13:MX_UART4_Init	8	static
../Core/Src/main.c:1287:13:MX_USART2_UART_Init	8	static
../Core/Src/main.c:1335:13:MX_USART3_UART_Init	8	static
../Core/Src/main.c:1383:13:MX_USB_OTG_FS_PCD_Init	8	static
../Core/Src/main.c:1417:13:MX_DMA_Init	16	static
../Core/Src/main.c:1438:13:MX_GPIO_Init	64	static
../Core/Src/main.c:1555:6:FillRectHandle	4	static
../Core/Src/main.c:1563:6:BlendImageHandle	4	static
../Core/Src/main.c:1583:6:DMA2D_FillRect	32	static
../Core/Src/main.c:1594:6:DMA2D_BlendImage	40	static
../Core/Src/main.c:1610:6:updateChargeStatus	16	static
../Core/Src/main.c:1637:6:StartCommTask	16	static
../Core/Src/main.c:1698:6:StartLCDDisplays	56	static
../Core/Src/main.c:1788:6:StartMotorOutput	24	static
../Core/Src/main.c:1806:6:Timer_LCD_cb	16	static
../Core/Src/main.c:1814:6:Timer_PID_cb	16	static
../Core/Src/main.c:1823:6:MPU_Config	8	static
../Core/Src/main.c:1841:6:HAL_TIM_PeriodElapsedCallback	16	static
../Core/Src/main.c:1858:6:Error_Handler	4	static
