../LCDLib/Src/ST7789.cpp:15:1:ST7789::ST7789(uint16_t*, uint16_t, SPI_HandleTypeDef*, GPIO_TypeDef*, uint16_t, uint16_t)	24	static
../LCDLib/Src/ST7789.cpp:26:1:ST7789::~ST7789()	16	static
../LCDLib/Src/ST7789.cpp:26:1:virtual ST7789::~ST7789()	16	static
../LCDLib/Src/ST7789.cpp:30:10:uint16_t ST7789::cords_to_1d(uint16_t, uint16_t)	16	static
../LCDLib/Src/ST7789.cpp:34:6:void ST7789::SPI_WRITE32(uint32_t)	24	static
../LCDLib/Src/ST7789.cpp:43:6:void ST7789::SPI_Transmit32(SPI_HandleTypeDef*, uint8_t*, uint32_t, uint32_t)	24	static
../LCDLib/Src/ST7789.cpp:49:6:void ST7789::SPI_Transmit16(SPI_HandleTypeDef*, uint8_t*, uint16_t, uint32_t)	24	static
../LCDLib/Src/ST7789.cpp:56:6:void ST7789::sendCommand(uint8_t, uint8_t*, uint8_t)	32	static
../LCDLib/Src/ST7789.cpp:70:6:void ST7789::writeCommand(uint8_t)	16	static
../LCDLib/Src/ST7789.cpp:77:6:void ST7789::displayInit(uint8_t*, uint16_t)	32	static
../LCDLib/Src/ST7789.cpp:101:6:void ST7789::setAddrWindow(uint16_t, uint16_t, uint16_t, uint16_t)	32	static
../LCDLib/Src/ST7789.cpp:114:6:void ST7789::writePixel(int16_t, int16_t, uint16_t)	32	static
../LCDLib/Src/ST7789.cpp:123:6:void ST7789::writeRect(uint16_t, uint16_t, uint16_t, uint16_t, uint16_t*, uint16_t)	32	static
../LCDLib/Src/ST7789.cpp:137:6:void ST7789::writeScreen(uint16_t*)	32	static
../LCDLib/Src/ST7789.cpp:162:6:void ST7789::drawRect(int16_t, int16_t, int16_t, int16_t, uint16_t)	48	static
../LCDLib/Src/ST7789.cpp:176:6:void ST7789::drawCircle(int16_t, int16_t, int16_t, uint16_t)	40	static
../LCDLib/Src/ST7789.cpp:209:6:void ST7789::writeLine(int16_t, int16_t, int16_t, int16_t, uint16_t)	48	static
../LCDLib/Src/ST7789.cpp:248:6:void ST7789::drawFastVLine(int16_t, int16_t, int16_t, uint16_t)	40	static
../LCDLib/Src/ST7789.cpp:252:6:void ST7789::writeFastVLine(int16_t, int16_t, int16_t, uint16_t)	32	static
../LCDLib/Src/ST7789.cpp:256:6:void ST7789::fillCircleHelper(int16_t, int16_t, int16_t, uint8_t, int16_t, uint16_t)	48	static
../LCDLib/Src/ST7789.cpp:291:6:void ST7789::fillCircle(int16_t, int16_t, int16_t, uint16_t)	40	static
